/home/maurdu/3D-Vision/DeepLSD/notebooks/lightning_tools/gluestick_matin.py:152: `torch.cuda.amp.custom_fwd(args...)` is deprecated. Please use `torch.amp.custom_fwd(args..., device_type='cuda')` instead.
[rank: 0] Seed set to 42
wandb: Using wandb-core as the SDK backend.  Please refer to https://wandb.me/wandb-core for more information.
wandb: Currently logged in as: matin_ml (sup-res-dl) to https://api.wandb.ai. Use `wandb login --relogin` to force relogin
wandb: Tracking run with wandb version 0.19.9
wandb: Run data is saved locally in lightning_logs/wandb/run-20250509_120329-30dxuu0f
wandb: Run `wandb offline` to turn off syncing.
wandb: Syncing run Attention_Edge_Sampler
wandb: ⭐️ View project at https://wandb.ai/sup-res-dl/lightning_project
wandb: 🚀 View run at https://wandb.ai/sup-res-dl/lightning_project/runs/30dxuu0f
GPU available: True (cuda), used: True
TPU available: False, using: 0 TPU cores
HPU available: False, using: 0 HPUs
LOCAL_RANK: 0 - CUDA_VISIBLE_DEVICES: [0]

  | Name                    | Type              | Params | Mode 
----------------------------------------------------------------------
0 | edge_patch_enc          | Sequential        | 185    | train
1 | conv_roi_embedding      | Sequential        | 479    | train
2 | edge_downsampler        | Sequential        | 160    | train
3 | edge_predictor          | Sequential        | 36.2 K | train
4 | node_fuse               | Sequential        | 188 K  | train
5 | layers                  | ModuleList        | 645 K  | train
6 | mlp_textural_structural | Sequential        | 16.6 K | train
7 | criterion               | BCEWithLogitsLoss | 0      | train
  | other params            | n/a               | 2      | n/a  
----------------------------------------------------------------------
887 K     Trainable params
0         Non-trainable params
887 K     Total params
3.551     Total estimated model params size (MB)
90        Modules in train mode
0         Modules in eval mode
SLURM auto-requeueing enabled. Setting signal handlers.
/home/maurdu/3D-Vision/DeepLSD/notebooks/lightning_tools/gluestick_matin.py:152: `torch.cuda.amp.custom_fwd(args...)` is deprecated. Please use `torch.amp.custom_fwd(args..., device_type='cuda')` instead.
/home/maurdu/3D-Vision/DeepLSD/notebooks/lightning_tools/gluestick_matin.py:152: `torch.cuda.amp.custom_fwd(args...)` is deprecated. Please use `torch.amp.custom_fwd(args..., device_type='cuda')` instead.
/home/maurdu/3D-Vision/DeepLSD/notebooks/lightning_tools/gluestick_matin.py:152: `torch.cuda.amp.custom_fwd(args...)` is deprecated. Please use `torch.amp.custom_fwd(args..., device_type='cuda')` instead.
/home/maurdu/3D-Vision/DeepLSD/notebooks/lightning_tools/gluestick_matin.py:152: `torch.cuda.amp.custom_fwd(args...)` is deprecated. Please use `torch.amp.custom_fwd(args..., device_type='cuda')` instead.
